TileLang version: 0.1.13
Kernel: assignment01/kernels/tilelang_matmul.py::make_matmul
Shape: M=N=256, K=128
Config: BLOCK_M=128, BLOCK_N=128, BLOCK_K=32, threads=128, num_stages=3

[sm_90a]
normalized target: {"kind":"cuda","tag":"","keys":["cuda","gpu"],"host":{"kind":"c","tag":"","keys":["cpu"]},"max_num_threads":1024,"thread_warp_size":32,"arch":"sm_90a"}
device compilation: PASS
host IR lines: 87
device IR lines: 70
CUDA source lines: 92
key lowering lines:
  T.func_attr({"calling_conv": 1, "global_symbol": "__tvm_ffi_main", "target": T.target({"keys": ["cpu"], "kind": "c", "tag": ""}), "thread_extent": {}, "tirx.is_entry_func": True, "tl.has_tma": T.bool(True), "tl.readonly_param_indices": [0, 1, 2], "tl_tiled_ws_applied": 1, "tma_descriptor_args": {A_desc: ["__tvm_tensormap_create_tiled", A_desc, 6, 2, A, 128, 256, 2, 256, 32, 128, 1, 1, 0, 2, 2, 0], B_desc: ["__tvm_tensormap_create_tiled", B_desc, 6, 2, B, 256, 128, 2, 512, 64, 32, 1, 1, 0, 3, 2, 0]}})
  T.prefetch_tma_descriptor(A_desc)
  T.prefetch_tma_descriptor(B_desc)
  T.tma_load(A_desc, mbarrier_1[k % 3], T.tvm_access_ptr(T.type_annotation("float16"), A_shared, k % 3 * 4096, 4096, 2), k * 32, by * 128, 0)
  T.tma_load(B_desc, mbarrier_1[k % 3], T.tvm_access_ptr(T.type_annotation("float16"), B_shared, k % 3 * 4096, 2048, 2), bx * 128, k * 32, 0)
  T.tma_load(B_desc, mbarrier_1[k % 3], T.tvm_access_ptr(T.type_annotation("float16"), B_shared, k % 3 * 4096 + 2048, 2048, 2), bx * 128 + 64, k * 32, 0)
  desc_a = T.alloc_buffer((1,), "uint64", scope="local.descriptor.wgmma")
  desc_b = T.alloc_buffer((1,), "uint64", scope="local.descriptor.wgmma")
  desc_a_1 = T.decl_buffer((1,), "uint64", data=desc_a.data, scope="local.descriptor.wgmma")
  desc_b_1 = T.decl_buffer((1,), "uint64", data=desc_b.data, scope="local.descriptor.wgmma")
  T.initialize_wgmma_descriptor(desc_a_1[0], T.tvm_access_ptr(T.type_annotation("float16"), A_shared, 0, 12288, 1), 2, 1, 32)
  T.increase_descriptor_offset(desc_a_1[0], k % 3 * 8192)
  T.initialize_wgmma_descriptor(desc_b_1[0], T.tvm_access_ptr(T.type_annotation("float16"), B_shared, 0, 12288, 1), 1, 256, 64)
  T.increase_descriptor_offset(desc_b_1[0], k % 3 * 8192)
  T.ptx_wgmma_ss("m64n128k16", T.bool(True), T.bool(False), "fp16", "fp16", "fp32", desc_a.data, T.shift_right(i * 4096 + ki * 32, 4), desc_b.data, T.shift_right(ki * 2048, 4), C_local.data, i * 64, 1, 1, 1)
  #include <tl_templates/cuda/instruction/wgmma.h>
  #include <tl_templates/cuda/threadblock_swizzle.h>
  tl::prefetch_tma_descriptor(A_desc);
  tl::prefetch_tma_descriptor(B_desc);
  tl::tma_load(A_desc, mbarrier[(k % 3)], (&(((half_t*)A_shared)[((k % 3) * 4096)])), (k * 32), (((int)blockIdx.y) * 128));
  tl::tma_load(B_desc, mbarrier[(k % 3)], (&(((half_t*)B_shared)[((k % 3) * 4096)])), (((int)blockIdx.x) * 128), (k * 32));
  tl::tma_load(B_desc, mbarrier[(k % 3)], (&(((half_t*)B_shared)[(((k % 3) * 4096) + 2048)])), ((((int)blockIdx.x) * 128) + 64), (k * 32));
  tl::GmmaDescriptor desc_a;
  tl::GmmaDescriptor desc_b;
  tl::initialize_wgmma_descriptor<2, 1, 32>(desc_a, (&(((half_t*)A_shared)[0])));
  tl::increase_descriptor_offset<int>(desc_a, ((k_1 % 3) * 8192));
  tl::initialize_wgmma_descriptor<1, 256, 64>(desc_b, (&(((half_t*)B_shared)[0])));
  tl::increase_descriptor_offset<int>(desc_b, ((k_1 % 3) * 8192));
  tl::wgmma_ss<tl::DataType::kFloat16, tl::DataType::kFloat16, tl::DataType::kFloat32, 64, 128, 16, false, true, 1, 1>(uint64_t(desc_a + (((i_1 * 4096) + (ki * 32)) >> 4)), uint64_t(desc_b + ((ki * 2048) >> 4)), ((uint32_t*)(C_local + (i_1 * 64))), 1);

[sm_100a]
normalized target: {"kind":"cuda","tag":"","keys":["cuda","gpu"],"host":{"kind":"c","tag":"","keys":["cpu"]},"max_num_threads":1024,"thread_warp_size":32,"arch":"sm_100a"}
device compilation: PASS
host IR lines: 87
device IR lines: 64
CUDA source lines: 92
key lowering lines:
  T.func_attr({"calling_conv": 1, "global_symbol": "__tvm_ffi_main", "target": T.target({"keys": ["cpu"], "kind": "c", "tag": ""}), "thread_extent": {}, "tirx.is_entry_func": True, "tl.has_tma": T.bool(True), "tl.readonly_param_indices": [0, 1, 2], "tl_tiled_ws_applied": 1, "tma_descriptor_args": {A_desc: ["__tvm_tensormap_create_tiled", A_desc, 6, 2, A, 128, 256, 2, 256, 32, 128, 1, 1, 0, 2, 2, 0], B_desc: ["__tvm_tensormap_create_tiled", B_desc, 6, 2, B, 256, 128, 2, 512, 64, 32, 1, 1, 0, 3, 2, 0]}})
  T.prefetch_tma_descriptor(A_desc)
  T.prefetch_tma_descriptor(B_desc)
  T.tma_load(A_desc, mbarrier_1[k % 3], T.tvm_access_ptr(T.type_annotation("float16"), A_shared, k % 3 * 4096, 4096, 2), k * 32, by * 128, 0)
  T.tma_load(B_desc, mbarrier_1[k % 3], T.tvm_access_ptr(T.type_annotation("float16"), B_shared, k % 3 * 4096, 2048, 2), bx * 128, k * 32, 0)
  T.tma_load(B_desc, mbarrier_1[k % 3], T.tvm_access_ptr(T.type_annotation("float16"), B_shared, k % 3 * 4096 + 2048, 2048, 2), bx * 128 + 64, k * 32, 0)
  T.ptx_ldmatrix(T.bool(False), 4, T.tvm_access_ptr(T.type_annotation("float16"), A_shared, k % 3 * 4096 + tx % 64 // 32 * 2048 + i * 512 + tx % 16 * 32 + (tx % 8 // 4 + ki) % 2 * 16 + (tx % 32 // 16 + tx % 4 // 2) % 2 * 8, 8, 1), T.tvm_access_ptr(T.type_annotation("float16"), A_local.data, i * 8, 8, 2))
  T.ptx_ldmatrix(T.bool(True), 4, T.tvm_access_ptr(T.type_annotation("float16"), B_shared, k % 3 * 4096 + tx % 128 // 64 * 2048 + ki * 1024 + tx % 16 // 8 * 512 + (tx % 16 * 64 + (tx % 8 // 4 + i // 2) % 2 * 32 + (tx % 4 // 2 + i % 2) % 2 * 16 + (tx % 32 // 16 + tx % 2) % 2 * 8) % 512, 8, 1), T.tvm_access_ptr(T.type_annotation("float16"), B_local.data, i * 8, 8, 2))
  T.ptx_mma("float32", "m16n8k16", "row", "col", "fp16", "fp16", "fp32", A_local.data, i * 8, B_local.data, j * 8, C_local.data, i * 32 + j * 8, T.bool(False))
  T.ptx_mma("float32", "m16n8k16", "row", "col", "fp16", "fp16", "fp32", A_local.data, i * 8, B_local.data, j * 8 + 4, C_local.data, i * 32 + j * 8 + 4, T.bool(False))
  #include <tl_templates/cuda/threadblock_swizzle.h>
  tl::prefetch_tma_descriptor(A_desc);
  tl::prefetch_tma_descriptor(B_desc);
  tl::tma_load(A_desc, mbarrier[(k % 3)], (&(((half_t*)A_shared)[((k % 3) * 4096)])), (k * 32), (((int)blockIdx.y) * 128));
  tl::tma_load(B_desc, mbarrier[(k % 3)], (&(((half_t*)B_shared)[((k % 3) * 4096)])), (((int)blockIdx.x) * 128), (k * 32));
  tl::tma_load(B_desc, mbarrier[(k % 3)], (&(((half_t*)B_shared)[(((k % 3) * 4096) + 2048)])), ((((int)blockIdx.x) * 128) + 64), (k * 32));
  tl::ptx_ldmatrix_x4((&(((half_t*)A_shared)[(((((((k_1 % 3) * 4096) + (((((int)threadIdx.x) & 63) >> 5) * 2048)) + (i_1 * 512)) + ((((int)threadIdx.x) & 15) * 32)) + (((((((int)threadIdx.x) & 7) >> 2) + ki) & 1) * 16)) + (((((((int)threadIdx.x) & 31) >> 4) + ((((int)threadIdx.x) & 3) >> 1)) & 1) * 8))])), (&(A_local[(i_1 * 8)])));
  tl::ptx_ldmatrix_x4_trans((&(((half_t*)B_shared)[((((((k_1 % 3) * 4096) + (((((int)threadIdx.x) & 127) >> 6) * 2048)) + (ki * 1024)) + (((((int)threadIdx.x) & 15) >> 3) * 512)) + ((((((((int)threadIdx.x) & 15) * 64) + (((((((int)threadIdx.x) & 7) >> 2) + (i_2 >> 1)) & 1) * 32)) + (((((((int)threadIdx.x) & 3) >> 1) + (i_2 & 1)) & 1) * 16)) + (((((((int)threadIdx.x) & 31) >> 4) + (((int)threadIdx.x) & 1)) & 1) * 8)) & 511))])), (&(B_local[(i_2 * 8)])));
  tl::mma_sync<tl::DataType::kFloat16, tl::DataType::kFloat16, tl::DataType::kFloat32, 16, 8, 16, false, true>(reinterpret_cast<float*>(C_local + ((i_3 * 32) + (j * 8))), reinterpret_cast<const unsigned*>(A_local + (i_3 * 8)), reinterpret_cast<const unsigned*>(B_local + (j * 8)));
  tl::mma_sync<tl::DataType::kFloat16, tl::DataType::kFloat16, tl::DataType::kFloat32, 16, 8, 16, false, true>(reinterpret_cast<float*>(C_local + (((i_3 * 32) + (j * 8)) + 4)), reinterpret_cast<const unsigned*>(A_local + (i_3 * 8)), reinterpret_cast<const unsigned*>(B_local + ((j * 8) + 4)));
